ARM Linker, RVCT3.1 [Build 903] for uVision [Standard]

================================================================================

Section Cross References

    startup.o(RESET) refers to startup.o(STACK) for StackMem
    startup.o(RESET) refers to entry.o($$startup$$) for __main
    entry.o($$startup$$) refers to init.o(.text) for __init
    entry.o($$startup$$) refers to startup.o(STACK) for __initial_sp
    entry.o(__vectab_stack_and_reset_area) refers to startup.o(STACK) for __initial_sp
    entry.o(__vectab_stack_and_reset_area) refers to entry.o($$startup$$) for __main
    init.o(.text) refers to init.o(.emb_text) for __call_main
    init.o(.text) refers to blinky.o(.text) for main


================================================================================

Removing Unused input sections from the image.

    Removing startup.o(HEAP), (0 bytes).
    Removing startup.o(.text), (0 bytes).

2 unused section(s) (total 0 bytes) removed from the image.

================================================================================

Image Symbol Table

    Local Symbols

    Symbol Name                              Value     Ov Type        Size  Object(Section)

    RESET                                    0x00000000   Section      252  startup.o(RESET)
    ../../microlib/init/entry.s              0x00000000   Number         0  entry.o ABSOLUTE
    ../../microlib/init/handlers.c           0x00000000   Number         0  handlers.o ABSOLUTE
    ../../microlib/init/init.c               0x00000000   Number         0  init.o ABSOLUTE
    blinky.c                                 0x00000000   Number         0  blinky.o ABSOLUTE
    dc.s                                     0x00000000   Number         0  dc.o ABSOLUTE
    startup.S                                0x00000000   Number         0  startup.o ABSOLUTE
    NmiSR                                    0x000000f5   Thumb Code     0  startup.o(RESET)
    FaultISR                                 0x000000f7   Thumb Code     0  startup.o(RESET)
    IntDefaultHandler                        0x000000f9   Thumb Code     0  startup.o(RESET)
    $$startup$$                              0x000000fc   Section       12  entry.o($$startup$$)
    .emb_text                                0x00000108   Section        2  init.o(.emb_text)
    .text                                    0x0000010c   Section       76  blinky.o(.text)
    .text                                    0x00000158   Section       44  init.o(.text)
    i.__scatterload_copy                     0x00000184   Section       14  handlers.o(i.__scatterload_copy)
    i.__scatterload_null                     0x00000192   Section        2  handlers.o(i.__scatterload_null)
    i.__scatterload_zeroinit                 0x00000194   Section       14  handlers.o(i.__scatterload_zeroinit)
    STACK                                    0x20000000   Section      256  startup.o(STACK)
    StackMem                                 0x20000000   Data           0  startup.o(STACK)

    Global Symbols

    Symbol Name                              Value     Ov Type        Size  Object(Section)

    BuildAttributes$$THM_ISAv4$M$P$D$K$S$PE$A:L22UL41UL21$X:L11$S22US41US21$IEEE1$IW$USESV6$~STKCKD$USESV7$~SHL$OTIME$EBA8$MICROLIB$REQ8$PRES8$EABIv2 0x00000000   Number         0  anon$$obj.o ABSOLUTE
    __ARM_use_no_argv                        0x00000000   Number         0  blinky.o ABSOLUTE
    __Vectors                                0x00000000   Data           0  startup.o(RESET)
    __decompress                              - Undefined Weak Reference
    Reset_Handler                            0x000000f1   Thumb Code     0  startup.o(RESET)
    __main                                   0x000000fd   Thumb Code     8  entry.o($$startup$$)
    __call_main                              0x00000109   Thumb Code     2  init.o(.emb_text)
    main                                     0x0000010d   Thumb Code    64  blinky.o(.text)
    __init                                   0x00000159   Thumb Code    30  init.o(.text)
    __scatterload_rt2                        0x00000159   Thumb Code     0  init.o(.text)
    __scatterload_copy                       0x00000185   Thumb Code    14  handlers.o(i.__scatterload_copy)
    __scatterload_null                       0x00000193   Thumb Code     2  handlers.o(i.__scatterload_null)
    __scatterload_zeroinit                   0x00000195   Thumb Code    14  handlers.o(i.__scatterload_zeroinit)
    Region$$Table$$Base                      0x000001a4   Number         0  anon$$obj.o(Region$$Table)
    Region$$Table$$Limit                     0x000001b4   Number         0  anon$$obj.o(Region$$Table)
    __initial_sp                             0x20000100   Number         0  startup.o(STACK)


================================================================================

Memory Map of the image

  Image Entry point : 0x000000f1

  Load Region LR_IROM1 (Base: 0x00000000, Size: 0x000001b4, Max: 0xffffffff, ABSOLUTE)

    Execution Region ER_IROM1 (Base: 0x00000000, Size: 0x000001b4, Max: 0x00040000, ABSOLUTE)

    Base Addr    Size         Type   Attr      Idx    E Section Name        Object

    0x00000000   0x000000fc   Code   RO           22  * RESET               startup.o
    0x000000fc   0x0000000c   Code   RO           29  * $$startup$$         entry.o(mc_w.l)
    0x00000108   0x00000002   Code   RO           35    .emb_text           init.o(mc_w.l)
    0x0000010a   0x00000002   PAD
    0x0000010c   0x0000004c   Code   RO            1    .text               blinky.o
    0x00000158   0x0000002c   Code   RO           34    .text               init.o(mc_w.l)
    0x00000184   0x0000000e   Code   RO           39    i.__scatterload_copy  handlers.o(mc_w.l)
    0x00000192   0x00000002   Code   RO           41    i.__scatterload_null  handlers.o(mc_w.l)
    0x00000194   0x0000000e   Code   RO           40    i.__scatterload_zeroinit  handlers.o(mc_w.l)
    0x000001a2   0x00000002   PAD
    0x000001a4   0x00000010   Data   RO           38    Region$$Table       anon$$obj.o


    Execution Region RW_IRAM1 (Base: 0x20000000, Size: 0x00000100, Max: 0x00010000, ABSOLUTE)

    Base Addr    Size         Type   Attr      Idx    E Section Name        Object

    0x20000000   0x00000100   Zero   RW           20    STACK               startup.o


================================================================================

Image component sizes


      Code (inc. data)   RO Data    RW Data    ZI Data      Debug   Object Name

        76         12          0          0          0       2083   blinky.o
       252        242          0          0        256        213   startup.o

    ------------------------------------------------------------------------
       328        254         16          0        256       2296   Object Totals
         0          0         16          0          0          0   (incl. Generated)
         0          0          0          0          0          0   (incl. Padding)

    ------------------------------------------------------------------------

      Code (inc. data)   RO Data    RW Data    ZI Data      Debug   Library Member Name

        12          4          0          0          0          0   entry.o
        30          0          0          0          0          0   handlers.o
        46         14          0          0          0          0   init.o

    ------------------------------------------------------------------------
        92         18          0          0          0          0   Library Totals
         4          0          0          0          0          0   (incl. Padding)

    ------------------------------------------------------------------------

      Code (inc. data)   RO Data    RW Data    ZI Data      Debug   Library Name

        88         18          0          0          0          0   mc_w.l

    ------------------------------------------------------------------------
        92         18          0          0          0          0   Library Totals

    ------------------------------------------------------------------------

================================================================================


      Code (inc. data)   RO Data    RW Data    ZI Data      Debug   

       420        272         16          0        256       2296   Grand Totals
       420        272         16          0        256       2296   ELF Image Totals
       420        272         16          0          0          0   ROM Totals

================================================================================

    Total RO  Size (Code + RO Data)                  436 (   0.43kB)
    Total RW  Size (RW Data + ZI Data)               256 (   0.25kB)
    Total ROM Size (Code + RO Data + RW Data)        436 (   0.43kB)

================================================================================

